gavrasm Gerd's AVR assembler version 5.4 (C)2022 by DG4FAC
----------------------------------------------------------
Source file: main2.asm
Hex file:    main2.hex
Eeprom file: main2.eep
Compiled:    08.04.2023, 17:10:41
Pass:        2
     1: .device atmega328p ; Необходимо для компилятора
     2: 
     3: .def TMP = R20 ; Установка R20 как регистра для временного хранения
     4: 
     5: .org $000
     6: 000000   940C  JMP reset ; Указатель на начало программы
        000001   0020
     7: 
     8: ; Функция паузы 
     9: delay:
    10: 000002   E1D4  LDI R29, 20 ; Установка регистра R29 (x) в значение 20
    11: 000003   EFEA  LDI R30, 250 ; Установка регистра R30 (y) в значение 250
    12: 	
    13: delay_sub:
    14: 000004   95D3  INC R29 ; Инкрементируем x
    15: 000005   0000  NOP     ; Много nop
    16: 000006   0000  NOP
    17: 000007   0000  NOP
    18: 000008   0000  NOP
    19: 000009   0000  NOP
    20: 00000A   0000  NOP
    21: 00000B   0000  NOP
    22: 00000C   0000  NOP
    23: 00000D   0000  NOP
    24: 00000E   0000  NOP
    25: 00000F   0000  NOP
    26: 000010   0000  NOP
    27: 000011   0000  NOP
    28: 000012   0000  NOP
    29: 000013   0000  NOP
    30: 000014   0000  NOP
    31: 000015   0000  NOP
    32: 000016   0000  NOP
    33: 000017   0000  NOP
    34: 000018   0000  NOP
    35: 000019   0000  NOP
    36: 00001A   0000  NOP
    37: 00001B   F741  BRNE delay_sub ; Если x стал 0, пропускаем. Иначе переход
    38: 00001C   0000  NOP
    39: 00001D   95EA  DEC R30 ; Декриментируем y
    40: 00001E   F729  BRNE delay_sub ; Если y стал 0, пропускаем. Иначе переход
    41: 00001F   9508  RET ; Возврат по адресу возврата в основной цикл
    42: 
    43: ; Начальная настройка
    44: reset:
    45: ; настройка исходных значений
    46: 000020   E041  LDI  TMP, 0x01 ; Положили 1 в temp
    47: 000021   2E04  MOV  R0, TMP ; Положили temp в R0
    48: 000022   2744  CLR  TMP ; Очистили temp
    49: ; настройка портов ввода-вывода
    50: 000023   EF4F  SER  TMP ; Положили 0xFF в temp (-//- LDI 0xFF)
    51: 000024   B94A  OUT  DDRD, TMP ; Открыли все восемь пинов порта D на запись
    52: ; Установка вершины стека в конец ОЗУ
    53: 000025   E048  LDI  TMP, HIGH(RAMEND) ; Старшие разряды адреса
    54: 000026   BF4E  OUT  SPH, TMP ; Установили старшие разряды ESP
    55: 000027   EF4F  LDI  TMP, LOW(RAMEND) ; Младшие разряды адреса
    56: 000028   BF4D  OUT  SPL, TMP ; Установили младшие разряды ESP
    57: 
    58: ; Основной цикл
    59: loop:
    60: ; Циклический сдвиг 8-разрядного числа R0
    61: 000029   9407  ROR R0 ; циклический сдвиг вправо
    62: ; Вывод 8-разрядного числа R0 на порт PORTD
    63: 00002A   B80B  OUT PORTD, R0
    64: ; Пауза
    65: 00002B   940E  CALL delay;
        00002C   0002
    66: ; Возврат в начало основного цикла
    67: 00002D   CFFB  RJMP loop ;

Program             :       46 words.
Constants           :        0 words.
Total program memory:       46 words.
Eeprom space        :        0 bytes.
Data segment        :        0 bytes.
Compilation completed, no errors.
Compilation ended 08.04.2023, 17:10:41
